// Jest Snapshot v1, https://goo.gl/fbAQLP

exports[`Typography should be render properly 1`] = `
<ContextConsumer>
  <Component />
</ContextConsumer>
`;
